------------------------------------------------------------
TimeQuest Timing Analyzer Summary
------------------------------------------------------------

Type  : Slow 1100mV 85C Model Setup 'FPGA_CLK1_50'
Slack : -0.848
TNS   : -6.283

Type  : Slow 1100mV 85C Model Hold 'FPGA_CLK1_50'
Slack : 0.285
TNS   : 0.000

Type  : Slow 1100mV 85C Model Minimum Pulse Width 'FPGA_CLK1_50'
Slack : -0.394
TNS   : -6.710

Type  : Slow 1100mV 0C Model Setup 'FPGA_CLK1_50'
Slack : -0.901
TNS   : -6.211

Type  : Slow 1100mV 0C Model Hold 'FPGA_CLK1_50'
Slack : 0.259
TNS   : 0.000

Type  : Slow 1100mV 0C Model Minimum Pulse Width 'FPGA_CLK1_50'
Slack : -0.394
TNS   : -7.500

Type  : Fast 1100mV 85C Model Setup 'FPGA_CLK1_50'
Slack : -0.039
TNS   : -0.039

Type  : Fast 1100mV 85C Model Hold 'FPGA_CLK1_50'
Slack : 0.175
TNS   : 0.000

Type  : Fast 1100mV 85C Model Minimum Pulse Width 'FPGA_CLK1_50'
Slack : -0.088
TNS   : -1.117

Type  : Fast 1100mV 0C Model Setup 'FPGA_CLK1_50'
Slack : 0.011
TNS   : 0.000

Type  : Fast 1100mV 0C Model Hold 'FPGA_CLK1_50'
Slack : 0.157
TNS   : 0.000

Type  : Fast 1100mV 0C Model Minimum Pulse Width 'FPGA_CLK1_50'
Slack : -0.087
TNS   : -1.098

------------------------------------------------------------
